should match the snapshot:
  1: |
    apiVersion: apps/v1
    kind: Deployment
    metadata:
      annotations:
        ignore-check.kube-linter.io/no-read-only-root-fs: "true"
        ignore-check.kube-linter.io/run-as-non-root: "true"
      labels:
        app.kubernetes.io/instance: RELEASE-NAME
        app.kubernetes.io/managed-by: Helm
        app.kubernetes.io/name: teleport-plugin-event-handler
        app.kubernetes.io/version: 15.1.9
        helm.sh/chart: teleport-plugin-event-handler-15.1.9
      name: RELEASE-NAME-teleport-plugin-event-handler
    spec:
      replicas: 1
      selector:
        matchLabels:
          app.kubernetes.io/instance: RELEASE-NAME
          app.kubernetes.io/name: teleport-plugin-event-handler
      template:
        metadata:
          labels:
            app.kubernetes.io/instance: RELEASE-NAME
            app.kubernetes.io/name: teleport-plugin-event-handler
        spec:
          containers:
            - command:
                - /usr/local/bin/teleport-event-handler
                - start
                - --config
                - /etc/teleport-event-handler.toml
              env:
                - name: TELEPORT_PLUGIN_FAIL_FAST
                  value: "true"
              image: gcr.io/overridden/repository:v98.76.54
              imagePullPolicy: IfNotPresent
              name: teleport-plugin-event-handler
              ports:
                - containerPort: 80
                  name: http
                  protocol: TCP
              resources:
                limits:
                  cpu: 500m
                  memory: 1Gi
                requests:
                  cpu: 500m
                  memory: 1Gi
              securityContext:
                allowPrivilegeEscalation: false
                capabilities:
                  drop:
                    - ALL
                readOnlyRootFilesystem: false
                runAsNonRoot: false
                seccompProfile:
                  type: RuntimeDefault
              volumeMounts:
                - mountPath: /etc/teleport-event-handler.toml
                  name: config
                  subPath: teleport-event-handler.toml
                - mountPath: /var/lib/teleport/plugins/event-handler/teleport-identity
                  name: teleport-identity
                - mountPath: /var/lib/teleport/plugins/event-handler/ca.crt
                  name: certificate
                  subPath: ca.crt
                - mountPath: /var/lib/teleport/plugins/event-handler/client.crt
                  name: certificate
                  subPath: client.crt
                - mountPath: /var/lib/teleport/plugins/event-handler/client.key
                  name: certificate
                  subPath: client.key
          securityContext: {}
          volumes:
            - configMap:
                defaultMode: 384
                name: RELEASE-NAME-teleport-plugin-event-handler
              name: config
            - name: teleport-identity
              secret:
                defaultMode: 384
                secretName: teleport-event-handler-identity
            - name: certificate
              secret:
                defaultMode: 384
                secretName: teleport-event-handler-client-tls
